  boxs.cpp
C:\dxlib\DxLib.h(1,1): warning C4819: ファイルは、現在のコード ページ (932) で表示できない文字を含んでいます。データの損失を防ぐために、ファイルを Unicode 形式で保存してください。
  (ソース ファイル 'boxs.cpp' をコンパイルしています)
  
C:\dxlib\DxCompileConfig.h(1,1): warning C4819: ファイルは、現在のコード ページ (932) で表示できない文字を含んでいます。データの損失を防ぐために、ファイルを Unicode 形式で保存してください。
  (ソース ファイル 'boxs.cpp' をコンパイルしています)
  
C:\dxlib\DxDataType.h(1,1): warning C4819: ファイルは、現在のコード ページ (932) で表示できない文字を含んでいます。データの損失を防ぐために、ファイルを Unicode 形式で保存してください。
  (ソース ファイル 'boxs.cpp' をコンパイルしています)
  
C:\dxlib\DxCompileConfig.h(1,1): warning C4819: ファイルは、現在のコード ページ (932) で表示できない文字を含んでいます。データの損失を防ぐために、ファイルを Unicode 形式で保存してください。
  (ソース ファイル 'boxs.cpp' をコンパイルしています)
  
C:\dxlib\DxDataTypeWin.h(1,1): warning C4819: ファイルは、現在のコード ページ (932) で表示できない文字を含んでいます。データの損失を防ぐために、ファイルを Unicode 形式で保存してください。
  (ソース ファイル 'boxs.cpp' をコンパイルしています)
  
C:\dxlib\DxCompileConfig.h(1,1): warning C4819: ファイルは、現在のコード ページ (932) で表示できない文字を含んでいます。データの損失を防ぐために、ファイルを Unicode 形式で保存してください。
  (ソース ファイル 'boxs.cpp' をコンパイルしています)
  
C:\dxlib\DxDataTypeWin.h(443,1): warning C4819: ファイルは、現在のコード ページ (932) で表示できない文字を含んでいます。データの損失を防ぐために、ファイルを Unicode 形式で保存してください。
  (ソース ファイル 'boxs.cpp' をコンパイルしています)
  
C:\dxlib\DxDataTypeWin.h(1089,1): warning C4819: ファイルは、現在のコード ページ (932) で表示できない文字を含んでいます。データの損失を防ぐために、ファイルを Unicode 形式で保存してください。
  (ソース ファイル 'boxs.cpp' をコンパイルしています)
  
C:\dxlib\DxLib.h(406,1): warning C4819: ファイルは、現在のコード ページ (932) で表示できない文字を含んでいます。データの損失を防ぐために、ファイルを Unicode 形式で保存してください。
  (ソース ファイル 'boxs.cpp' をコンパイルしています)
  
C:\dxlib\DxLib.h(803,1): warning C4819: ファイルは、現在のコード ページ (932) で表示できない文字を含んでいます。データの損失を防ぐために、ファイルを Unicode 形式で保存してください。
  (ソース ファイル 'boxs.cpp' をコンパイルしています)
  
C:\dxlib\DxLib.h(1328,1): warning C4819: ファイルは、現在のコード ページ (932) で表示できない文字を含んでいます。データの損失を防ぐために、ファイルを Unicode 形式で保存してください。
  (ソース ファイル 'boxs.cpp' をコンパイルしています)
  
C:\dxlib\DxLib.h(1842,1): warning C4819: ファイルは、現在のコード ページ (932) で表示できない文字を含んでいます。データの損失を防ぐために、ファイルを Unicode 形式で保存してください。
  (ソース ファイル 'boxs.cpp' をコンパイルしています)
  
C:\dxlib\DxFunctionWin.h(1,1): warning C4819: ファイルは、現在のコード ページ (932) で表示できない文字を含んでいます。データの損失を防ぐために、ファイルを Unicode 形式で保存してください。
  (ソース ファイル 'boxs.cpp' をコンパイルしています)
  
C:\dxlib\DxFunctionWin.h(155,1): warning C4819: ファイルは、現在のコード ページ (932) で表示できない文字を含んでいます。データの損失を防ぐために、ファイルを Unicode 形式で保存してください。
  (ソース ファイル 'boxs.cpp' をコンパイルしています)
  
C:\dxlib\DxFunctionWin.h(337,1): warning C4819: ファイルは、現在のコード ページ (932) で表示できない文字を含んでいます。データの損失を防ぐために、ファイルを Unicode 形式で保存してください。
  (ソース ファイル 'boxs.cpp' をコンパイルしています)
  
C:\dxlib\DxLib.h(2183,1): warning C4819: ファイルは、現在のコード ページ (932) で表示できない文字を含んでいます。データの損失を防ぐために、ファイルを Unicode 形式で保存してください。
  (ソース ファイル 'boxs.cpp' をコンパイルしています)
  
C:\dxlib\DxLib.h(2377,1): warning C4819: ファイルは、現在のコード ページ (932) で表示できない文字を含んでいます。データの損失を防ぐために、ファイルを Unicode 形式で保存してください。
  (ソース ファイル 'boxs.cpp' をコンパイルしています)
  
C:\dxlib\DxLib.h(2572,1): warning C4819: ファイルは、現在のコード ページ (932) で表示できない文字を含んでいます。データの損失を防ぐために、ファイルを Unicode 形式で保存してください。
  (ソース ファイル 'boxs.cpp' をコンパイルしています)
  
C:\dxlib\DxLib.h(2716,1): warning C4819: ファイルは、現在のコード ページ (932) で表示できない文字を含んでいます。データの損失を防ぐために、ファイルを Unicode 形式で保存してください。
  (ソース ファイル 'boxs.cpp' をコンパイルしています)
  
C:\dxlib\DxLib.h(2821,1): warning C4819: ファイルは、現在のコード ページ (932) で表示できない文字を含んでいます。データの損失を防ぐために、ファイルを Unicode 形式で保存してください。
  (ソース ファイル 'boxs.cpp' をコンパイルしています)
  
C:\dxlib\DxLib.h(2954,1): warning C4819: ファイルは、現在のコード ページ (932) で表示できない文字を含んでいます。データの損失を防ぐために、ファイルを Unicode 形式で保存してください。
  (ソース ファイル 'boxs.cpp' をコンパイルしています)
  
C:\dxlib\DxLib.h(3064,1): warning C4819: ファイルは、現在のコード ページ (932) で表示できない文字を含んでいます。データの損失を防ぐために、ファイルを Unicode 形式で保存してください。
  (ソース ファイル 'boxs.cpp' をコンパイルしています)
  
C:\dxlib\DxLib.h(3242,1): warning C4819: ファイルは、現在のコード ページ (932) で表示できない文字を含んでいます。データの損失を防ぐために、ファイルを Unicode 形式で保存してください。
  (ソース ファイル 'boxs.cpp' をコンパイルしています)
  
C:\dxlib\DxLib.h(3381,1): warning C4819: ファイルは、現在のコード ページ (932) で表示できない文字を含んでいます。データの損失を防ぐために、ファイルを Unicode 形式で保存してください。
  (ソース ファイル 'boxs.cpp' をコンパイルしています)
  
C:\dxlib\DxLib.h(3544,1): warning C4819: ファイルは、現在のコード ページ (932) で表示できない文字を含んでいます。データの損失を防ぐために、ファイルを Unicode 形式で保存してください。
  (ソース ファイル 'boxs.cpp' をコンパイルしています)
  
C:\dxlib\DxLib.h(3735,1): warning C4819: ファイルは、現在のコード ページ (932) で表示できない文字を含んでいます。データの損失を防ぐために、ファイルを Unicode 形式で保存してください。
  (ソース ファイル 'boxs.cpp' をコンパイルしています)
  
C:\dxlib\DxLib.h(3844,1): warning C4819: ファイルは、現在のコード ページ (932) で表示できない文字を含んでいます。データの損失を防ぐために、ファイルを Unicode 形式で保存してください。
  (ソース ファイル 'boxs.cpp' をコンパイルしています)
  
C:\dxlib\DxLib.h(3931,1): warning C4819: ファイルは、現在のコード ページ (932) で表示できない文字を含んでいます。データの損失を防ぐために、ファイルを Unicode 形式で保存してください。
  (ソース ファイル 'boxs.cpp' をコンパイルしています)
  
C:\dxlib\DxLib.h(4080,1): warning C4819: ファイルは、現在のコード ページ (932) で表示できない文字を含んでいます。データの損失を防ぐために、ファイルを Unicode 形式で保存してください。
  (ソース ファイル 'boxs.cpp' をコンパイルしています)
  
C:\dxlib\DxLib.h(4586,1): warning C4819: ファイルは、現在のコード ページ (932) で表示できない文字を含んでいます。データの損失を防ぐために、ファイルを Unicode 形式で保存してください。
  (ソース ファイル 'boxs.cpp' をコンパイルしています)
  
C:\dxlib\DxLib.h(4750,1): warning C4819: ファイルは、現在のコード ページ (932) で表示できない文字を含んでいます。データの損失を防ぐために、ファイルを Unicode 形式で保存してください。
  (ソース ファイル 'boxs.cpp' をコンパイルしています)
  
C:\dxlib\DxLib.h(4917,1): warning C4819: ファイルは、現在のコード ページ (932) で表示できない文字を含んでいます。データの損失を防ぐために、ファイルを Unicode 形式で保存してください。
  (ソース ファイル 'boxs.cpp' をコンパイルしています)
  
C:\dxlib\DxLib.h(5069,1): warning C4819: ファイルは、現在のコード ページ (932) で表示できない文字を含んでいます。データの損失を防ぐために、ファイルを Unicode 形式で保存してください。
  (ソース ファイル 'boxs.cpp' をコンパイルしています)
  
C:\dxlib\DxLib.h(5258,1): warning C4819: ファイルは、現在のコード ページ (932) で表示できない文字を含んでいます。データの損失を防ぐために、ファイルを Unicode 形式で保存してください。
  (ソース ファイル 'boxs.cpp' をコンパイルしています)
  
C:\dxlib\DxLib.h(5396,1): warning C4819: ファイルは、現在のコード ページ (932) で表示できない文字を含んでいます。データの損失を防ぐために、ファイルを Unicode 形式で保存してください。
  (ソース ファイル 'boxs.cpp' をコンパイルしています)
  
C:\dxlib\DxLib.h(5581,1): warning C4819: ファイルは、現在のコード ページ (932) で表示できない文字を含んでいます。データの損失を防ぐために、ファイルを Unicode 形式で保存してください。
  (ソース ファイル 'boxs.cpp' をコンパイルしています)
  
C:\Users\event\Desktop\crane\物理演算\gravityHit\boxs.cpp(12,9): warning C4244: '=': 'int' から 'float' への変換です。データが失われる可能性があります。
C:\Users\event\Desktop\crane\物理演算\gravityHit\boxs.cpp(16,9): warning C4244: '=': 'int' から 'float' への変換です。データが失われる可能性があります。
C:\Users\event\Desktop\crane\物理演算\gravityHit\boxs.cpp(257,23): warning C4244: '引数': 'float' から 'int' への変換です。データが失われる可能性があります。
C:\Users\event\Desktop\crane\物理演算\gravityHit\boxs.cpp(257,16): warning C4244: '引数': 'float' から 'int' への変換です。データが失われる可能性があります。
C:\Users\event\Desktop\crane\物理演算\gravityHit\boxs.cpp(267,94): warning C4244: '引数': 'float' から 'int' への変換です。データが失われる可能性があります。
C:\Users\event\Desktop\crane\物理演算\gravityHit\boxs.cpp(267,69): warning C4244: '引数': 'float' から 'int' への変換です。データが失われる可能性があります。
C:\Users\event\Desktop\crane\物理演算\gravityHit\boxs.cpp(267,44): warning C4244: '引数': 'float' から 'int' への変換です。データが失われる可能性があります。
C:\Users\event\Desktop\crane\物理演算\gravityHit\boxs.cpp(267,19): warning C4244: '引数': 'float' から 'int' への変換です。データが失われる可能性があります。
C:\Users\event\Desktop\crane\物理演算\gravityHit\boxs.cpp(272,26): warning C4244: '引数': 'int' から 'float' への変換です。データが失われる可能性があります。
C:\Users\event\Desktop\crane\物理演算\gravityHit\boxs.cpp(274,44): warning C4244: '引数': 'float' から 'int' への変換です。データが失われる可能性があります。
C:\Users\event\Desktop\crane\物理演算\gravityHit\boxs.cpp(274,31): warning C4244: '引数': 'float' から 'int' への変換です。データが失われる可能性があります。
C:\Users\event\Desktop\crane\物理演算\gravityHit\boxs.cpp(274,21): warning C4244: '引数': 'float' から 'int' への変換です。データが失われる可能性があります。
C:\Users\event\Desktop\crane\物理演算\gravityHit\boxs.cpp(274,14): warning C4244: '引数': 'float' から 'int' への変換です。データが失われる可能性があります。
  gravityHit.vcxproj -> C:\Users\event\Desktop\crane\物理演算\x64\Debug\gravityHit.exe
